Component: ARM Compiler 5.06 update 5 (build 528) Tool: armlink [4d35e2]

==============================================================================

Section Cross References

    exercise06.o(MyCode) refers to start.o(Start) for Startup
    exercise06.o(MyCode) refers to exercise06_lib.o(Exercise06_Lib) for LengthStringSB
    exercise06.o(MyCode) refers to exercise06.o(MyConst) for String1
    exercise06.o(MyCode) refers to exercise06.o(MyData) for String2
    exercise06.o(RESET) refers to start.o(.ARM.__at_0x1FFFE000) for __initial_sp
    exercise06.o(RESET) refers to exercise06.o(MyCode) for Reset_Handler
    exercise06.o(RESET) refers to start.o(Start) for Dummy_Handler
    exercise06.o(RESET) refers to hardfault_lcd.o(HardFaultLCD) for HardFault_Handler


==============================================================================

Image Symbol Table

    Local Symbols

    Symbol Name                              Value     Ov Type        Size  Object(Section)

    RESET                                    0x00000000   Section      192  exercise06.o(RESET)
    Exercise06_Lib.s                         0x00000000   Number         0  exercise06_lib.o ABSOLUTE
    HardFault_LCD.s                          0x00000000   Number         0  hardfault_lcd.o ABSOLUTE
    Start.s                                  0x00000000   Number         0  start.o ABSOLUTE
    dc.s                                     0x00000000   Number         0  dc.o ABSOLUTE
    exercise06.s                             0x00000000   Number         0  exercise06.o ABSOLUTE
    .ARM.__at_0xC0                           0x000000c0   Section       64  start.o(.ARM.__at_0xC0)
    Exercise06_Lib                           0x00000100   Section       26  exercise06_lib.o(Exercise06_Lib)
    HardFaultLCD                             0x0000011c   Section      408  hardfault_lcd.o(HardFaultLCD)
    LCD_WF_Config                            0x000001a8   Data           0  hardfault_lcd.o(HardFaultLCD)
    LCD_WF_FRONTPLANE_PINS                   0x00000224   Data           0  hardfault_lcd.o(HardFaultLCD)
    LCD_DIGITS                               0x00000244   Data           0  hardfault_lcd.o(HardFaultLCD)
    Start                                    0x000002b4   Section      252  start.o(Start)
    SystemInit                               0x000002c3   Thumb Code    54  start.o(Start)
    SetClock48MHz                            0x000002f9   Thumb Code   140  start.o(Start)
    MyConst                                  0x000003b0   Section       24  exercise06.o(MyConst)
    String1                                  0x000003b0   Data          16  exercise06.o(MyConst)
    Length                                   0x000003c0   Data           8  exercise06.o(MyConst)
    .ARM.__at_0x400                          0x00000400   Section       16  start.o(.ARM.__at_0x400)
    MyCode                                   0x00000410   Section      700  exercise06.o(MyCode)
    INIT_UART0_POLLING                       0x000004e7   Thumb Code   104  exercise06.o(MyCode)
    GetChar                                  0x0000054f   Thumb Code    16  exercise06.o(MyCode)
    PutChar                                  0x0000055f   Thumb Code    18  exercise06.o(MyCode)
    GetStringSB                              0x00000571   Thumb Code    70  exercise06.o(MyCode)
    PutStringSB                              0x000005b7   Thumb Code    34  exercise06.o(MyCode)
    PutNumU                                  0x000005d9   Thumb Code    44  exercise06.o(MyCode)
    DIVU                                     0x00000605   Thumb Code   124  exercise06.o(MyCode)
    .ARM.__at_0x1FFFE000                     0x1fffe000   Section      256  start.o(.ARM.__at_0x1FFFE000)
    MyData                                   0x1fffe100   Section       80  exercise06.o(MyData)
    String2                                  0x1fffe100   Data          79  exercise06.o(MyData)

    Global Symbols

    Symbol Name                              Value     Ov Type        Size  Object(Section)

    BuildAttributes$$THM_ISAv3M$S$PE$A:L22$X:L11$S22$IEEE1$IW$USESV6$~STKCKD$USESV7$~SHL$OSPACE$ROPI$EBA8$STANDARDLIB$EABIv2 0x00000000   Number         0  anon$$obj.o ABSOLUTE
    __Vectors                                0x00000000   Data           0  exercise06.o(RESET)
    __Vectors_End                            0x000000c0   Data           0  exercise06.o(RESET)
    __Vectors_Size                           0x000000c0   Number         0  exercise06.o ABSOLUTE
    LengthStringSB                           0x00000101   Thumb Code    26  exercise06_lib.o(Exercise06_Lib)
    HardFault_Handler                        0x0000011d   Thumb Code    16  hardfault_lcd.o(HardFaultLCD)
    InitLCD                                  0x0000012d   Thumb Code   124  hardfault_lcd.o(HardFaultLCD)
    LCD_PutHex                               0x000001e9   Thumb Code    44  hardfault_lcd.o(HardFaultLCD)
    Startup                                  0x000002b5   Thumb Code    14  start.o(Start)
    Dummy_Handler                            0x00000385   Thumb Code     2  start.o(Start)
    Reset_Handler                            0x00000411   Thumb Code   214  exercise06.o(MyCode)
    __initial_sp                             0x1fffe100   Data           0  start.o(.ARM.__at_0x1FFFE000)



==============================================================================

Memory Map of the image

  Image Entry point : 0x00000411

  Load Region LR_IROM1 (Base: 0x00000000, Size: 0x0000081c, Max: 0x00040000, ABSOLUTE)

    Execution Region ER_IROM1 (Exec base: 0x00000000, Load base: 0x00000000, Size: 0x000006cc, Max: 0x00040000, ABSOLUTE)

    Exec Addr    Load Addr    Size         Type   Attr      Idx    E Section Name        Object

    0x00000000   0x00000000   0x000000c0   Data   RO            2    RESET               exercise06.o
    0x000000c0   0x000000c0   0x00000040   Data   RO           15    .ARM.__at_0xC0      start.o
    0x00000100   0x00000100   0x0000001a   Code   RO           23    Exercise06_Lib      Exercise06_Lib.lib(exercise06_lib.o)
    0x0000011a   0x0000011a   0x00000002   PAD
    0x0000011c   0x0000011c   0x00000198   Code   RO           10    HardFaultLCD        hardfault_lcd.o
    0x000002b4   0x000002b4   0x000000fc   Code   RO           14    Start               start.o
    0x000003b0   0x000003b0   0x00000018   Data   RO            3    MyConst             exercise06.o
    0x000003c8   0x000003c8   0x00000038   PAD
    0x00000400   0x00000400   0x00000010   Code   RO           16    .ARM.__at_0x400     start.o
    0x00000410   0x00000410   0x000002bc   Code   RO            1  * MyCode              exercise06.o


    Execution Region RW_IRAM1 (Exec base: 0x1fffe000, Load base: 0x000006cc, Size: 0x00000150, Max: 0x00008000, ABSOLUTE)

    Exec Addr    Load Addr    Size         Type   Attr      Idx    E Section Name        Object

    0x1fffe000   0x000006cc   0x00000100   Data   RW           17    .ARM.__at_0x1FFFE000  start.o
    0x1fffe100   0x000007cc   0x00000050   Data   RW            4    MyData              exercise06.o


==============================================================================

Image component sizes


      Code (inc. data)   RO Data    RW Data    ZI Data      Debug   Object Name

       700         78        216         80          0       1060   exercise06.o
       408        224          0          0          0        540   hardfault_lcd.o
       268         58         64        256          0        752   start.o

    ----------------------------------------------------------------------
      1376        360        336        336          0       2352   Object Totals
         0          0          0          0          0          0   (incl. Generated)
         0          0         56          0          0          0   (incl. Padding)

    ----------------------------------------------------------------------

      Code (inc. data)   RO Data    RW Data    ZI Data      Debug   Library Member Name

        26          0          0          0          0         68   exercise06_lib.o

    ----------------------------------------------------------------------
        28          0          0          0          0         68   Library Totals
         2          0          0          0          0          0   (incl. Padding)

    ----------------------------------------------------------------------

      Code (inc. data)   RO Data    RW Data    ZI Data      Debug   Library Name

        26          0          0          0          0         68   Exercise06_Lib.lib

    ----------------------------------------------------------------------
        28          0          0          0          0         68   Library Totals

    ----------------------------------------------------------------------

==============================================================================


      Code (inc. data)   RO Data    RW Data    ZI Data      Debug   

      1404        360        336        336          0       2212   Grand Totals
      1404        360        336        336          0       2212   ELF Image Totals
      1404        360        336        336          0          0   ROM Totals

==============================================================================

    Total RO  Size (Code + RO Data)                 1740 (   1.70kB)
    Total RW  Size (RW Data + ZI Data)               336 (   0.33kB)
    Total ROM Size (Code + RO Data + RW Data)       2076 (   2.03kB)

==============================================================================

