Component: ARM Compiler 5.06 update 5 (build 528) Tool: armlink [4d35e2]

==============================================================================

Section Cross References

    exercise07.o(MyCode) refers to start.o(Start) for Startup
    exercise07.o(MyCode) refers to exercise07.o(MyData) for QBuffer
    exercise07.o(MyCode) refers to exercise07.o(MyConst) for String1
    exercise07.o(RESET) refers to start.o(.ARM.__at_0x1FFFE000) for __initial_sp
    exercise07.o(RESET) refers to exercise07.o(MyCode) for Reset_Handler
    exercise07.o(RESET) refers to start.o(Start) for Dummy_Handler
    exercise07.o(RESET) refers to hardfault_lcd.o(HardFaultLCD) for HardFault_Handler


==============================================================================

Image Symbol Table

    Local Symbols

    Symbol Name                              Value     Ov Type        Size  Object(Section)

    RESET                                    0x00000000   Section      192  exercise07.o(RESET)
    Exercise07.s                             0x00000000   Number         0  exercise07.o ABSOLUTE
    HardFault_LCD.s                          0x00000000   Number         0  hardfault_lcd.o ABSOLUTE
    start.s                                  0x00000000   Number         0  start.o ABSOLUTE
    .ARM.__at_0xC0                           0x000000c0   Section       64  start.o(.ARM.__at_0xC0)
    HardFaultLCD                             0x00000100   Section      408  hardfault_lcd.o(HardFaultLCD)
    LCD_WF_Config                            0x0000018c   Data           0  hardfault_lcd.o(HardFaultLCD)
    LCD_WF_FRONTPLANE_PINS                   0x00000208   Data           0  hardfault_lcd.o(HardFaultLCD)
    LCD_DIGITS                               0x00000228   Data           0  hardfault_lcd.o(HardFaultLCD)
    Start                                    0x00000298   Section      252  start.o(Start)
    SystemInit                               0x000002a7   Thumb Code    54  start.o(Start)
    SetClock48MHz                            0x000002dd   Thumb Code   140  start.o(Start)
    .ARM.__at_0x400                          0x00000400   Section       16  start.o(.ARM.__at_0x400)
    MyCode                                   0x00000410   Section     1056  exercise07.o(MyCode)
    NewLine                                  0x00000551   Thumb Code    18  exercise07.o(MyCode)
    InitQueue                                0x00000563   Thumb Code    24  exercise07.o(MyCode)
    Init_UART0_Polling                       0x0000057b   Thumb Code   108  exercise07.o(MyCode)
    GetChar                                  0x000005e7   Thumb Code    18  exercise07.o(MyCode)
    PutChar                                  0x000005f9   Thumb Code    18  exercise07.o(MyCode)
    PutStringSB                              0x00000651   Thumb Code    34  exercise07.o(MyCode)
    PutNumHex                                0x00000673   Thumb Code    58  exercise07.o(MyCode)
    PutNumUB                                 0x000006ad   Thumb Code    18  exercise07.o(MyCode)
    PutNumU                                  0x000006bf   Thumb Code    44  exercise07.o(MyCode)
    DIVU                                     0x000006eb   Thumb Code    74  exercise07.o(MyCode)
    EnQueue                                  0x00000735   Thumb Code    68  exercise07.o(MyCode)
    DeQueue                                  0x00000779   Thumb Code    72  exercise07.o(MyCode)
    MyConst                                  0x00000830   Section      160  exercise07.o(MyConst)
    String1                                  0x00000830   Data          34  exercise07.o(MyConst)
    String2                                  0x00000852   Data           9  exercise07.o(MyConst)
    String3                                  0x0000085b   Data          22  exercise07.o(MyConst)
    String4                                  0x00000871   Data           9  exercise07.o(MyConst)
    String5                                  0x0000087a   Data          58  exercise07.o(MyConst)
    String6                                  0x000008b4   Data           8  exercise07.o(MyConst)
    String7                                  0x000008bc   Data           6  exercise07.o(MyConst)
    String8                                  0x000008c2   Data           7  exercise07.o(MyConst)
    String9                                  0x000008c9   Data           5  exercise07.o(MyConst)
    .ARM.__at_0x1FFFE000                     0x1fffe000   Section      256  start.o(.ARM.__at_0x1FFFE000)
    MyData                                   0x1fffe100   Section       24  exercise07.o(MyData)
    QBuffer                                  0x1fffe100   Data           4  exercise07.o(MyData)
    QRecord                                  0x1fffe104   Data          18  exercise07.o(MyData)

    Global Symbols

    Symbol Name                              Value     Ov Type        Size  Object(Section)

    BuildAttributes$$THM_ISAv3M$S$PE$A:L22$X:L11$S22$IEEE1$IW$USESV6$~STKCKD$USESV7$~SHL$OSPACE$EBA8$STANDARDLIB$EABIv2 0x00000000   Number         0  anon$$obj.o ABSOLUTE
    __Vectors                                0x00000000   Data           0  exercise07.o(RESET)
    __Vectors_End                            0x000000c0   Data           0  exercise07.o(RESET)
    __Vectors_Size                           0x000000c0   Number         0  exercise07.o ABSOLUTE
    HardFault_Handler                        0x00000101   Thumb Code    16  hardfault_lcd.o(HardFaultLCD)
    InitLCD                                  0x00000111   Thumb Code   124  hardfault_lcd.o(HardFaultLCD)
    LCD_PutHex                               0x000001cd   Thumb Code    44  hardfault_lcd.o(HardFaultLCD)
    Startup                                  0x00000299   Thumb Code    14  start.o(Start)
    Dummy_Handler                            0x00000369   Thumb Code     2  start.o(Start)
    Reset_Handler                            0x00000411   Thumb Code   320  exercise07.o(MyCode)
    __initial_sp                             0x1fffe100   Data           0  start.o(.ARM.__at_0x1FFFE000)



==============================================================================

Memory Map of the image

  Image Entry point : 0x00000411

  Load Region LR_IROM1 (Base: 0x00000000, Size: 0x000009e8, Max: 0x00040000, ABSOLUTE)

    Execution Region ER_IROM1 (Exec base: 0x00000000, Load base: 0x00000000, Size: 0x000008d0, Max: 0x00040000, ABSOLUTE)

    Exec Addr    Load Addr    Size         Type   Attr      Idx    E Section Name        Object

    0x00000000   0x00000000   0x000000c0   Data   RO            2    RESET               exercise07.o
    0x000000c0   0x000000c0   0x00000040   Data   RO           15    .ARM.__at_0xC0      start.o
    0x00000100   0x00000100   0x00000198   Code   RO           10    HardFaultLCD        hardfault_lcd.o
    0x00000298   0x00000298   0x000000fc   Code   RO           14    Start               start.o
    0x00000394   0x00000394   0x0000006c   PAD
    0x00000400   0x00000400   0x00000010   Code   RO           16    .ARM.__at_0x400     start.o
    0x00000410   0x00000410   0x00000420   Code   RO            1  * MyCode              exercise07.o
    0x00000830   0x00000830   0x000000a0   Data   RO            3    MyConst             exercise07.o


    Execution Region RW_IRAM1 (Exec base: 0x1fffe000, Load base: 0x000008d0, Size: 0x00000118, Max: 0x00008000, ABSOLUTE)

    Exec Addr    Load Addr    Size         Type   Attr      Idx    E Section Name        Object

    0x1fffe000   0x000008d0   0x00000100   Data   RW           17    .ARM.__at_0x1FFFE000  start.o
    0x1fffe100   0x000009d0   0x00000018   Data   RW            4    MyData              exercise07.o


==============================================================================

Image component sizes


      Code (inc. data)   RO Data    RW Data    ZI Data      Debug   Object Name

      1056        112        352         24          0       1476   exercise07.o
       408        224          0          0          0        540   hardfault_lcd.o
       268         58         64        256          0        752   start.o

    ----------------------------------------------------------------------
      1840        502        416        280          0       2768   Object Totals
         0          0          0          0          0          0   (incl. Generated)
       108        108          0          0          0          0   (incl. Padding)

    ----------------------------------------------------------------------
         0          0          0          0          0          0   Library Totals
         0          0          0          0          0          0   (incl. Padding)

    ----------------------------------------------------------------------

==============================================================================


      Code (inc. data)   RO Data    RW Data    ZI Data      Debug   

      1840        502        416        280          0       2560   Grand Totals
      1840        502        416        280          0       2560   ELF Image Totals
      1840        502        416        280          0          0   ROM Totals

==============================================================================

    Total RO  Size (Code + RO Data)                 2256 (   2.20kB)
    Total RW  Size (RW Data + ZI Data)               280 (   0.27kB)
    Total ROM Size (Code + RO Data + RW Data)       2536 (   2.48kB)

==============================================================================

