Component: ARM Compiler 5.06 update 5 (build 528) Tool: armlink [4d35e2]

==============================================================================

Section Cross References

    exercise05.o(MyCode) refers to start.o(Start) for Startup
    exercise05.o(MyCode) refers to exercise05_lib.o(Exercise05_Lib) for PutPrompt
    exercise05.o(RESET) refers to start.o(.ARM.__at_0x1FFFE000) for __initial_sp
    exercise05.o(RESET) refers to exercise05.o(MyCode) for Reset_Handler
    exercise05.o(RESET) refers to start.o(Start) for Dummy_Handler
    exercise05.o(RESET) refers to hardfault_lcd.o(HardFaultLCD) for HardFault_Handler
    exercise05_lib.o(Exercise05_Lib) refers to exercise05.o(MyCode) for PutChar


==============================================================================

Removing Unused input sections from the image.

    Removing exercise05.o(MyConst), (0 bytes).
    Removing exercise05.o(MyData), (0 bytes).

2 unused section(s) (total 0 bytes) removed from the image.

==============================================================================

Image Symbol Table

    Local Symbols

    Symbol Name                              Value     Ov Type        Size  Object(Section)

    RESET                                    0x00000000   Section      192  exercise05.o(RESET)
    Exercise05_Lib.s                         0x00000000   Number         0  exercise05_lib.o ABSOLUTE
    HardFault_LCD.s                          0x00000000   Number         0  hardfault_lcd.o ABSOLUTE
    Start.s                                  0x00000000   Number         0  start.o ABSOLUTE
    dc.s                                     0x00000000   Number         0  dc.o ABSOLUTE
    exercise05.s                             0x00000000   Number         0  exercise05.o ABSOLUTE
    .ARM.__at_0xC0                           0x000000c0   Section       64  start.o(.ARM.__at_0xC0)
    Exercise05_Lib                           0x00000100   Section      248  exercise05_lib.o(Exercise05_Lib)
    PutCRLF                                  0x00000137   Thumb Code    10  exercise05_lib.o(Exercise05_Lib)
    PutString                                0x0000014b   Thumb Code    24  exercise05_lib.o(Exercise05_Lib)
    HardFaultLCD                             0x000001f8   Section      408  hardfault_lcd.o(HardFaultLCD)
    LCD_WF_Config                            0x00000284   Data           0  hardfault_lcd.o(HardFaultLCD)
    LCD_WF_FRONTPLANE_PINS                   0x00000300   Data           0  hardfault_lcd.o(HardFaultLCD)
    LCD_DIGITS                               0x00000320   Data           0  hardfault_lcd.o(HardFaultLCD)
    .ARM.__at_0x400                          0x00000400   Section       16  start.o(.ARM.__at_0x400)
    MyCode                                   0x00000410   Section      272  exercise05.o(MyCode)
    INIT_UART0_POLLING                       0x00000463   Thumb Code   104  exercise05.o(MyCode)
    GetChar                                  0x000004cb   Thumb Code    16  exercise05.o(MyCode)
    Start                                    0x00000520   Section      252  start.o(Start)
    SystemInit                               0x0000052f   Thumb Code    54  start.o(Start)
    SetClock48MHz                            0x00000565   Thumb Code   140  start.o(Start)
    .ARM.__at_0x1FFFE000                     0x1fffe000   Section      256  start.o(.ARM.__at_0x1FFFE000)

    Global Symbols

    Symbol Name                              Value     Ov Type        Size  Object(Section)

    BuildAttributes$$THM_ISAv3M$S$PE$A:L22$X:L11$S22$IEEE1$IW$USESV6$~STKCKD$USESV7$~SHL$OSPACE$ROPI$EBA8$STANDARDLIB$EABIv2 0x00000000   Number         0  anon$$obj.o ABSOLUTE
    __Vectors                                0x00000000   Data           0  exercise05.o(RESET)
    __Vectors_End                            0x000000c0   Data           0  exercise05.o(RESET)
    __Vectors_Size                           0x000000c0   Number         0  exercise05.o ABSOLUTE
    Anna                                     0x00000101   Thumb Code    18  exercise05_lib.o(Exercise05_Lib)
    Michael                                  0x00000113   Thumb Code    18  exercise05_lib.o(Exercise05_Lib)
    Nabiel                                   0x00000125   Thumb Code    18  exercise05_lib.o(Exercise05_Lib)
    PutPrompt                                0x00000141   Thumb Code    10  exercise05_lib.o(Exercise05_Lib)
    HardFault_Handler                        0x000001f9   Thumb Code    16  hardfault_lcd.o(HardFaultLCD)
    InitLCD                                  0x00000209   Thumb Code   124  hardfault_lcd.o(HardFaultLCD)
    LCD_PutHex                               0x000002c5   Thumb Code    44  hardfault_lcd.o(HardFaultLCD)
    Reset_Handler                            0x00000411   Thumb Code    82  exercise05.o(MyCode)
    PutChar                                  0x000004db   Thumb Code    18  exercise05.o(MyCode)
    Startup                                  0x00000521   Thumb Code    14  start.o(Start)
    Dummy_Handler                            0x000005f1   Thumb Code     2  start.o(Start)
    __initial_sp                             0x1fffe100   Data           0  start.o(.ARM.__at_0x1FFFE000)



==============================================================================

Memory Map of the image

  Image Entry point : 0x00000411

  Load Region LR_IROM1 (Base: 0x00000000, Size: 0x0000071c, Max: 0x00040000, ABSOLUTE)

    Execution Region ER_IROM1 (Exec base: 0x00000000, Load base: 0x00000000, Size: 0x0000061c, Max: 0x00040000, ABSOLUTE)

    Exec Addr    Load Addr    Size         Type   Attr      Idx    E Section Name        Object

    0x00000000   0x00000000   0x000000c0   Data   RO            2    RESET               exercise05.o
    0x000000c0   0x000000c0   0x00000040   Data   RO           15    .ARM.__at_0xC0      start.o
    0x00000100   0x00000100   0x000000f8   Code   RO           23    Exercise05_Lib      Exercise05_Lib.lib(exercise05_lib.o)
    0x000001f8   0x000001f8   0x00000198   Code   RO           10    HardFaultLCD        hardfault_lcd.o
    0x00000390   0x00000390   0x00000070   PAD
    0x00000400   0x00000400   0x00000010   Code   RO           16    .ARM.__at_0x400     start.o
    0x00000410   0x00000410   0x00000110   Code   RO            1  * MyCode              exercise05.o
    0x00000520   0x00000520   0x000000fc   Code   RO           14    Start               start.o


    Execution Region RW_IRAM1 (Exec base: 0x1fffe000, Load base: 0x0000061c, Size: 0x00000100, Max: 0x00008000, ABSOLUTE)

    Exec Addr    Load Addr    Size         Type   Attr      Idx    E Section Name        Object

    0x1fffe000   0x0000061c   0x00000100   Data   RW           17    .ARM.__at_0x1FFFE000  start.o


==============================================================================

Image component sizes


      Code (inc. data)   RO Data    RW Data    ZI Data      Debug   Object Name

       272         52        192          0          0        596   exercise05.o
       408        224          0          0          0        540   hardfault_lcd.o
       268         58         64        256          0        752   start.o

    ----------------------------------------------------------------------
      1060        446        256        256          0       1888   Object Totals
         0          0          0          0          0          0   (incl. Generated)
       112        112          0          0          0          0   (incl. Padding)

    ----------------------------------------------------------------------

      Code (inc. data)   RO Data    RW Data    ZI Data      Debug   Library Member Name

       248        150          0          0          0        148   exercise05_lib.o

    ----------------------------------------------------------------------
       248        150          0          0          0        148   Library Totals
         0          0          0          0          0          0   (incl. Padding)

    ----------------------------------------------------------------------

      Code (inc. data)   RO Data    RW Data    ZI Data      Debug   Library Name

       248        150          0          0          0        148   Exercise05_Lib.lib

    ----------------------------------------------------------------------
       248        150          0          0          0        148   Library Totals

    ----------------------------------------------------------------------

==============================================================================


      Code (inc. data)   RO Data    RW Data    ZI Data      Debug   

      1308        596        256        256          0       1880   Grand Totals
      1308        596        256        256          0       1880   ELF Image Totals
      1308        596        256        256          0          0   ROM Totals

==============================================================================

    Total RO  Size (Code + RO Data)                 1564 (   1.53kB)
    Total RW  Size (RW Data + ZI Data)               256 (   0.25kB)
    Total ROM Size (Code + RO Data + RW Data)       1820 (   1.78kB)

==============================================================================

