Component: ARM Compiler 5.06 update 5 (build 528) Tool: armlink [4d35e2]

==============================================================================

Section Cross References

    exercise03.o(MyCode) refers to exercise03.o(MyData) for P
    exercise03.o(MyCode) refers to exercise03.o(MyConst) for const_F
    exercise03.o(RESET) refers to exercise03.o(.ARM.__at_0x1FFFE000) for __initial_sp
    exercise03.o(RESET) refers to exercise03.o(MyCode) for Reset_Handler


==============================================================================

Image Symbol Table

    Local Symbols

    Symbol Name                              Value     Ov Type        Size  Object(Section)

    RESET                                    0x00000000   Section      192  exercise03.o(RESET)
    Exercise03.s                             0x00000000   Number         0  exercise03.o ABSOLUTE
    MyCode                                   0x000000c0   Section      252  exercise03.o(MyCode)
    RegInit                                  0x0000016f   Thumb Code    46  exercise03.o(MyCode)
    MyConst                                  0x000001bc   Section        8  exercise03.o(MyConst)
    const_F                                  0x000001bc   Data           4  exercise03.o(MyConst)
    const_G                                  0x000001c0   Data           4  exercise03.o(MyConst)
    .ARM.__at_0x1FFFE000                     0x1fffe000   Section      256  exercise03.o(.ARM.__at_0x1FFFE000)
    MyData                                   0x1fffe100   Section       20  exercise03.o(MyData)
    P                                        0x1fffe100   Data           4  exercise03.o(MyData)
    Q                                        0x1fffe104   Data           4  exercise03.o(MyData)
    F                                        0x1fffe108   Data           4  exercise03.o(MyData)
    G                                        0x1fffe10c   Data           4  exercise03.o(MyData)
    Result                                   0x1fffe110   Data           4  exercise03.o(MyData)

    Global Symbols

    Symbol Name                              Value     Ov Type        Size  Object(Section)

    BuildAttributes$$THM_ISAv3M$S$PE$A:L22$X:L11$S22$IEEE1$IW$USESV6$~STKCKD$USESV7$~SHL$OSPACE$EBA8$STANDARDLIB$EABIv2 0x00000000   Number         0  anon$$obj.o ABSOLUTE
    __Vectors                                0x00000000   Data           0  exercise03.o(RESET)
    Reset_Handler                            0x000000c1   Thumb Code   174  exercise03.o(MyCode)
    __Vectors_End                            0x000000c0   Data           0  exercise03.o(RESET)
    __Vectors_Size                           0x000000c0   Number         0  exercise03.o ABSOLUTE
    __initial_sp                             0x1fffe100   Data           0  exercise03.o(.ARM.__at_0x1FFFE000)



==============================================================================

Memory Map of the image

  Image Entry point : 0x000000c1

  Load Region LR_1 (Base: 0x00000000, Size: 0x000002d8, Max: 0xffffffff, ABSOLUTE)

    Execution Region ER_RO (Exec base: 0x00000000, Load base: 0x00000000, Size: 0x000001c4, Max: 0xffffffff, ABSOLUTE)

    Exec Addr    Load Addr    Size         Type   Attr      Idx    E Section Name        Object

    0x00000000   0x00000000   0x000000c0   Data   RO            2    RESET               exercise03.o
    0x000000c0   0x000000c0   0x000000fc   Code   RO            1  * MyCode              exercise03.o
    0x000001bc   0x000001bc   0x00000008   Data   RO            3    MyConst             exercise03.o


    Execution Region ER_RW (Exec base: 0x1fffe000, Load base: 0x000001c4, Size: 0x00000114, Max: 0xffffffff, ABSOLUTE)

    Exec Addr    Load Addr    Size         Type   Attr      Idx    E Section Name        Object

    0x1fffe000   0x000001c4   0x00000100   Data   RW            4    .ARM.__at_0x1FFFE000  exercise03.o
    0x1fffe100   0x000002c4   0x00000014   Data   RW            5    MyData              exercise03.o


    Execution Region ER_ZI (Exec base: 0x1fffe114, Load base: 0x000002d8, Size: 0x00000000, Max: 0xffffffff, ABSOLUTE)

    **** No section assigned to this execution region ****


==============================================================================

Image component sizes


      Code (inc. data)   RO Data    RW Data    ZI Data      Debug   Object Name

       252         32        200        276          0        484   exercise03.o

    ----------------------------------------------------------------------
       252         32        200        276          0        484   Object Totals
         0          0          0          0          0          0   (incl. Generated)
         0          0          0          0          0          0   (incl. Padding)

    ----------------------------------------------------------------------
         0          0          0          0          0          0   Library Totals
         0          0          0          0          0          0   (incl. Padding)

    ----------------------------------------------------------------------

==============================================================================


      Code (inc. data)   RO Data    RW Data    ZI Data      Debug   

       252         32        200        276          0        484   Grand Totals
       252         32        200        276          0        484   ELF Image Totals
       252         32        200        276          0          0   ROM Totals

==============================================================================

    Total RO  Size (Code + RO Data)                  452 (   0.44kB)
    Total RW  Size (RW Data + ZI Data)               276 (   0.27kB)
    Total ROM Size (Code + RO Data + RW Data)        728 (   0.71kB)

==============================================================================

