<!doctype html public "-//w3c//dtd html 4.0 transitional//en">
<html><head>
<title>Static Call Graph - [.\Objects\exercise09.axf]</title></head>
<body><HR>
<H1>Static Call Graph for image .\Objects\exercise09.axf</H1><HR>
<BR><P>#&#060CALLGRAPH&#062# ARM Linker, 5060528: Last Updated: Thu Apr 09 23:08:09 2020
<BR><P>
<H3>Maximum Stack Usage =          0 bytes + Unknown(Cycles, Untraceable Function Pointers)</H3><H3>
Call chain for Maximum Stack Depth:</H3>

<P>
<H3>
Mutually Recursive functions
</H3> <LI><a href="#[7]">DeQueue</a>&nbsp;&nbsp;&nbsp;&rArr;&nbsp;&nbsp;&nbsp;<a href="#[f]">GetChar</a><BR>
 <LI><a href="#[1]">Dummy_Handler</a>&nbsp;&nbsp;&nbsp;&rArr;&nbsp;&nbsp;&nbsp;<a href="#[1]">Dummy_Handler</a><BR>
</UL>
<P>
<H3>
Function Pointers
</H3><UL>
 <LI><a href="#[1]">Dummy_Handler</a> from start.o(Start) referenced 44 times from exercise09.o(RESET)
 <LI><a href="#[2]">HardFault_Handler</a> from hardfault_lcd.o(HardFaultLCD) referenced from exercise09.o(RESET)
 <LI><a href="#[4]">Reset_Handler</a> from exercise09.o(MyCode) referenced from exercise09.o(RESET)
 <LI><a href="#[3]">UART0_ISR</a> from exercise09.o(MyCode) referenced from exercise09.o(RESET)
</UL>
<P>
<H3>
Global Symbols
</H3>
<P><STRONG><a name="[2]"></a>HardFault_Handler</STRONG> (Thumb, 16 bytes, Stack size 0 bytes, hardfault_lcd.o(HardFaultLCD))
<BR><BR>[Calls]<UL><LI><a href="#[12]">&gt;&gt;</a>&nbsp;&nbsp;&nbsp;LCD_PutHex
<LI><a href="#[11]">&gt;&gt;</a>&nbsp;&nbsp;&nbsp;InitLCD
</UL>
<BR>[Address Reference Count : 1]<UL><LI> exercise09.o(RESET)
</UL>
<P><STRONG><a name="[11]"></a>InitLCD</STRONG> (Thumb, 124 bytes, Stack size 0 bytes, hardfault_lcd.o(HardFaultLCD))
<BR><BR>[Called By]<UL><LI><a href="#[2]">&gt;&gt;</a>&nbsp;&nbsp;&nbsp;HardFault_Handler
</UL>

<P><STRONG><a name="[12]"></a>LCD_PutHex</STRONG> (Thumb, 44 bytes, Stack size 0 bytes, hardfault_lcd.o(HardFaultLCD))
<BR><BR>[Called By]<UL><LI><a href="#[2]">&gt;&gt;</a>&nbsp;&nbsp;&nbsp;HardFault_Handler
</UL>

<P><STRONG><a name="[13]"></a>Startup</STRONG> (Thumb, 14 bytes, Stack size 0 bytes, start.o(Start))
<BR><BR>[Calls]<UL><LI><a href="#[15]">&gt;&gt;</a>&nbsp;&nbsp;&nbsp;SetClock48MHz
<LI><a href="#[14]">&gt;&gt;</a>&nbsp;&nbsp;&nbsp;SystemInit
</UL>
<BR>[Called By]<UL><LI><a href="#[4]">&gt;&gt;</a>&nbsp;&nbsp;&nbsp;Reset_Handler
</UL>

<P><STRONG><a name="[1]"></a>Dummy_Handler</STRONG> (Thumb, 2 bytes, Stack size 0 bytes, start.o(Start))
<BR><BR>[Calls]<UL><LI><a href="#[1]">&gt;&gt;</a>&nbsp;&nbsp;&nbsp;Dummy_Handler
</UL>
<BR>[Called By]<UL><LI><a href="#[1]">&gt;&gt;</a>&nbsp;&nbsp;&nbsp;Dummy_Handler
</UL>
<BR>[Address Reference Count : 1]<UL><LI> exercise09.o(RESET)
</UL>
<P><STRONG><a name="[4]"></a>Reset_Handler</STRONG> (Thumb, 348 bytes, Stack size 0 bytes, exercise09.o(MyCode))
<BR><BR>[Calls]<UL><LI><a href="#[13]">&gt;&gt;</a>&nbsp;&nbsp;&nbsp;Startup
<LI><a href="#[10]">&gt;&gt;</a>&nbsp;&nbsp;&nbsp;PutChar
<LI><a href="#[f]">&gt;&gt;</a>&nbsp;&nbsp;&nbsp;GetChar
<LI><a href="#[e]">&gt;&gt;</a>&nbsp;&nbsp;&nbsp;Init_UART0_IRQ
<LI><a href="#[d]">&gt;&gt;</a>&nbsp;&nbsp;&nbsp;PutNumUB
<LI><a href="#[c]">&gt;&gt;</a>&nbsp;&nbsp;&nbsp;PutNumHex
<LI><a href="#[b]">&gt;&gt;</a>&nbsp;&nbsp;&nbsp;NewLine
<LI><a href="#[8]">&gt;&gt;</a>&nbsp;&nbsp;&nbsp;PutStringSB
<LI><a href="#[7]">&gt;&gt;</a>&nbsp;&nbsp;&nbsp;DeQueue
<LI><a href="#[6]">&gt;&gt;</a>&nbsp;&nbsp;&nbsp;EnQueue
<LI><a href="#[5]">&gt;&gt;</a>&nbsp;&nbsp;&nbsp;InitQueue
</UL>
<P>
<H3>
Local Symbols
</H3>
<P><STRONG><a name="[5]"></a>InitQueue</STRONG> (Thumb, 22 bytes, Stack size 0 bytes, exercise09.o(MyCode))
<BR><BR>[Called By]<UL><LI><a href="#[4]">&gt;&gt;</a>&nbsp;&nbsp;&nbsp;Reset_Handler
<LI><a href="#[e]">&gt;&gt;</a>&nbsp;&nbsp;&nbsp;Init_UART0_IRQ
</UL>

<P><STRONG><a name="[6]"></a>EnQueue</STRONG> (Thumb, 68 bytes, Stack size 0 bytes, exercise09.o(MyCode))
<BR><BR>[Called By]<UL><LI><a href="#[4]">&gt;&gt;</a>&nbsp;&nbsp;&nbsp;Reset_Handler
<LI><a href="#[10]">&gt;&gt;</a>&nbsp;&nbsp;&nbsp;PutChar
<LI><a href="#[3]">&gt;&gt;</a>&nbsp;&nbsp;&nbsp;UART0_ISR
</UL>

<P><STRONG><a name="[7]"></a>DeQueue</STRONG> (Thumb, 72 bytes, Stack size 0 bytes, exercise09.o(MyCode))
<BR><BR>[Calls]<UL><LI><a href="#[10]">&gt;&gt;</a>&nbsp;&nbsp;&nbsp;PutChar
<LI><a href="#[f]">&gt;&gt;</a>&nbsp;&nbsp;&nbsp;GetChar
</UL>
<BR>[Called By]<UL><LI><a href="#[4]">&gt;&gt;</a>&nbsp;&nbsp;&nbsp;Reset_Handler
<LI><a href="#[f]">&gt;&gt;</a>&nbsp;&nbsp;&nbsp;GetChar
<LI><a href="#[3]">&gt;&gt;</a>&nbsp;&nbsp;&nbsp;UART0_ISR
</UL>

<P><STRONG><a name="[8]"></a>PutStringSB</STRONG> (Thumb, 34 bytes, Stack size 0 bytes, exercise09.o(MyCode))
<BR><BR>[Calls]<UL><LI><a href="#[10]">&gt;&gt;</a>&nbsp;&nbsp;&nbsp;PutChar
</UL>
<BR>[Called By]<UL><LI><a href="#[4]">&gt;&gt;</a>&nbsp;&nbsp;&nbsp;Reset_Handler
</UL>

<P><STRONG><a name="[9]"></a>PutNumU</STRONG> (Thumb, 44 bytes, Stack size 0 bytes, exercise09.o(MyCode))
<BR><BR>[Calls]<UL><LI><a href="#[10]">&gt;&gt;</a>&nbsp;&nbsp;&nbsp;PutChar
<LI><a href="#[a]">&gt;&gt;</a>&nbsp;&nbsp;&nbsp;DIVU
</UL>
<BR>[Called By]<UL><LI><a href="#[d]">&gt;&gt;</a>&nbsp;&nbsp;&nbsp;PutNumUB
</UL>

<P><STRONG><a name="[a]"></a>DIVU</STRONG> (Thumb, 74 bytes, Stack size 0 bytes, exercise09.o(MyCode))
<BR><BR>[Called By]<UL><LI><a href="#[9]">&gt;&gt;</a>&nbsp;&nbsp;&nbsp;PutNumU
</UL>

<P><STRONG><a name="[b]"></a>NewLine</STRONG> (Thumb, 18 bytes, Stack size 0 bytes, exercise09.o(MyCode))
<BR><BR>[Calls]<UL><LI><a href="#[10]">&gt;&gt;</a>&nbsp;&nbsp;&nbsp;PutChar
</UL>
<BR>[Called By]<UL><LI><a href="#[4]">&gt;&gt;</a>&nbsp;&nbsp;&nbsp;Reset_Handler
</UL>

<P><STRONG><a name="[c]"></a>PutNumHex</STRONG> (Thumb, 58 bytes, Stack size 0 bytes, exercise09.o(MyCode))
<BR><BR>[Calls]<UL><LI><a href="#[10]">&gt;&gt;</a>&nbsp;&nbsp;&nbsp;PutChar
</UL>
<BR>[Called By]<UL><LI><a href="#[4]">&gt;&gt;</a>&nbsp;&nbsp;&nbsp;Reset_Handler
</UL>

<P><STRONG><a name="[d]"></a>PutNumUB</STRONG> (Thumb, 18 bytes, Stack size 0 bytes, exercise09.o(MyCode))
<BR><BR>[Calls]<UL><LI><a href="#[9]">&gt;&gt;</a>&nbsp;&nbsp;&nbsp;PutNumU
</UL>
<BR>[Called By]<UL><LI><a href="#[4]">&gt;&gt;</a>&nbsp;&nbsp;&nbsp;Reset_Handler
</UL>

<P><STRONG><a name="[e]"></a>Init_UART0_IRQ</STRONG> (Thumb, 154 bytes, Stack size 0 bytes, exercise09.o(MyCode))
<BR><BR>[Calls]<UL><LI><a href="#[5]">&gt;&gt;</a>&nbsp;&nbsp;&nbsp;InitQueue
</UL>
<BR>[Called By]<UL><LI><a href="#[4]">&gt;&gt;</a>&nbsp;&nbsp;&nbsp;Reset_Handler
</UL>

<P><STRONG><a name="[3]"></a>UART0_ISR</STRONG> (Thumb, 62 bytes, Stack size 0 bytes, exercise09.o(MyCode))
<BR><BR>[Calls]<UL><LI><a href="#[7]">&gt;&gt;</a>&nbsp;&nbsp;&nbsp;DeQueue
<LI><a href="#[6]">&gt;&gt;</a>&nbsp;&nbsp;&nbsp;EnQueue
</UL>
<BR>[Address Reference Count : 1]<UL><LI> exercise09.o(RESET)
</UL>
<P><STRONG><a name="[f]"></a>GetChar</STRONG> (Thumb, 16 bytes, Stack size 0 bytes, exercise09.o(MyCode))
<BR><BR>[Calls]<UL><LI><a href="#[7]">&gt;&gt;</a>&nbsp;&nbsp;&nbsp;DeQueue
</UL>
<BR>[Called By]<UL><LI><a href="#[4]">&gt;&gt;</a>&nbsp;&nbsp;&nbsp;Reset_Handler
<LI><a href="#[7]">&gt;&gt;</a>&nbsp;&nbsp;&nbsp;DeQueue
</UL>

<P><STRONG><a name="[10]"></a>PutChar</STRONG> (Thumb, 22 bytes, Stack size 0 bytes, exercise09.o(MyCode))
<BR><BR>[Calls]<UL><LI><a href="#[6]">&gt;&gt;</a>&nbsp;&nbsp;&nbsp;EnQueue
</UL>
<BR>[Called By]<UL><LI><a href="#[4]">&gt;&gt;</a>&nbsp;&nbsp;&nbsp;Reset_Handler
<LI><a href="#[c]">&gt;&gt;</a>&nbsp;&nbsp;&nbsp;PutNumHex
<LI><a href="#[b]">&gt;&gt;</a>&nbsp;&nbsp;&nbsp;NewLine
<LI><a href="#[9]">&gt;&gt;</a>&nbsp;&nbsp;&nbsp;PutNumU
<LI><a href="#[8]">&gt;&gt;</a>&nbsp;&nbsp;&nbsp;PutStringSB
<LI><a href="#[7]">&gt;&gt;</a>&nbsp;&nbsp;&nbsp;DeQueue
</UL>

<P><STRONG><a name="[14]"></a>SystemInit</STRONG> (Thumb, 54 bytes, Stack size 0 bytes, start.o(Start))
<BR><BR>[Called By]<UL><LI><a href="#[13]">&gt;&gt;</a>&nbsp;&nbsp;&nbsp;Startup
</UL>

<P><STRONG><a name="[15]"></a>SetClock48MHz</STRONG> (Thumb, 140 bytes, Stack size 0 bytes, start.o(Start))
<BR><BR>[Called By]<UL><LI><a href="#[13]">&gt;&gt;</a>&nbsp;&nbsp;&nbsp;Startup
</UL>
<P>
<H3>
Undefined Global Symbols
</H3><HR></body></html>
